[koki.dexignzone.com/xhtml/index.html]
[backblue.gif]
[fade.gif]
[index.html]
[koki.dexignzone.com/xhtml/social-image.png]
[koki.dexignzone.com/xhtml/images/favicon.png]
[cdn.lineicons.com/2.0/LineIcons.css]
[koki.dexignzone.com/xhtml/images/logo.png]
[koki.dexignzone.com/xhtml/images/logo-text.png]
[koki.dexignzone.com/xhtml/images/avatar/1.jpg]
[koki.dexignzone.com/xhtml/images/avatar/2.jpg]
[koki.dexignzone.com/xhtml/images/avatar/3.jpg]
[koki.dexignzone.com/xhtml/images/avatar/4.jpg]
[koki.dexignzone.com/xhtml/images/avatar/5.jpg]
[koki.dexignzone.com/xhtml/images/profile/12.png]
[koki.dexignzone.com/xhtml/app-profile.html]
[koki.dexignzone.com/xhtml/email-inbox.html]
[koki.dexignzone.com/xhtml/page-login.html]
[koki.dexignzone.com/xhtml/analytics.html]
[koki.dexignzone.com/xhtml/review.html]
[koki.dexignzone.com/xhtml/order.html]
[koki.dexignzone.com/xhtml/order-list.html]
[koki.dexignzone.com/xhtml/customer-list.html]
[koki.dexignzone.com/xhtml/post-details.html]
[koki.dexignzone.com/xhtml/email-compose.html]
[koki.dexignzone.com/xhtml/email-read.html]
[koki.dexignzone.com/xhtml/app-calender.html]
[koki.dexignzone.com/xhtml/ecom-product-grid.html]
[koki.dexignzone.com/xhtml/ecom-product-list.html]
[koki.dexignzone.com/xhtml/ecom-product-detail.html]
[koki.dexignzone.com/xhtml/ecom-product-order.html]
[koki.dexignzone.com/xhtml/ecom-checkout.html]
[koki.dexignzone.com/xhtml/ecom-invoice.html]
[koki.dexignzone.com/xhtml/ecom-customers.html]
[koki.dexignzone.com/xhtml/chart-flot.html]
[koki.dexignzone.com/xhtml/chart-morris.html]
[koki.dexignzone.com/xhtml/chart-chartjs.html]
[koki.dexignzone.com/xhtml/chart-chartist.html]
[koki.dexignzone.com/xhtml/chart-sparkline.html]
[koki.dexignzone.com/xhtml/chart-peity.html]
[koki.dexignzone.com/xhtml/ui-accordion.html]
[koki.dexignzone.com/xhtml/ui-alert.html]
[koki.dexignzone.com/xhtml/ui-badge.html]
[koki.dexignzone.com/xhtml/ui-button.html]
[koki.dexignzone.com/xhtml/ui-modal.html]
[koki.dexignzone.com/xhtml/ui-button-group.html]
[koki.dexignzone.com/xhtml/ui-list-group.html]
[koki.dexignzone.com/xhtml/ui-media-object.html]
[koki.dexignzone.com/xhtml/ui-card.html]
[koki.dexignzone.com/xhtml/ui-carousel.html]
[koki.dexignzone.com/xhtml/ui-dropdown.html]
[koki.dexignzone.com/xhtml/ui-popover.html]
[koki.dexignzone.com/xhtml/ui-progressbar.html]
[koki.dexignzone.com/xhtml/ui-tab.html]
[koki.dexignzone.com/xhtml/ui-typography.html]
[koki.dexignzone.com/xhtml/ui-pagination.html]
[koki.dexignzone.com/xhtml/ui-grid.html]
[koki.dexignzone.com/xhtml/uc-select2.html]
[koki.dexignzone.com/xhtml/uc-nestable.html]
[koki.dexignzone.com/xhtml/uc-noui-slider.html]
[koki.dexignzone.com/xhtml/uc-sweetalert.html]
[koki.dexignzone.com/xhtml/uc-toastr.html]
[koki.dexignzone.com/xhtml/map-jqvmap.html]
[koki.dexignzone.com/xhtml/uc-lightgallery.html]
[koki.dexignzone.com/xhtml/widget-basic.html]
[koki.dexignzone.com/xhtml/form-element.html]
[koki.dexignzone.com/xhtml/form-wizard.html]
[koki.dexignzone.com/xhtml/form-ckeditor.html]
[koki.dexignzone.com/xhtml/form-pickers.html]
[koki.dexignzone.com/xhtml/form-validation-jquery.html]
[koki.dexignzone.com/xhtml/table-bootstrap-basic.html]
[koki.dexignzone.com/xhtml/table-datatable-basic.html]
[koki.dexignzone.com/xhtml/page-register.html]
[koki.dexignzone.com/xhtml/page-error-400.html]
[koki.dexignzone.com/xhtml/page-error-403.html]
[koki.dexignzone.com/xhtml/page-error-404.html]
[koki.dexignzone.com/xhtml/page-error-500.html]
[koki.dexignzone.com/xhtml/page-error-503.html]
[koki.dexignzone.com/xhtml/page-lock-screen.html]
[koki.dexignzone.com/xhtml/images/card/pic1.jpg]
[koki.dexignzone.com/xhtml/images/card/pic2.jpg]
[koki.dexignzone.com/xhtml/images/card/pic3.jpg]
[koki.dexignzone.com/xhtml/images/card/pic6.jpg]
[koki.dexignzone.com/xhtml/images/card/pic7.jpg]
[koki.dexignzone.com/xhtml/images/card/pic8.jpg]
[koki.dexignzone.com/xhtml/images/card/pic4.jpg]
[koki.dexignzone.com/xhtml/images/card/pic9.jpg]
[koki.dexignzone.com/xhtml/images/card/pic10.jpg]
[koki.dexignzone.com/xhtml/index.html]
[koki.dexignzone.com/xhtml/vendor/bootstrap-select/dist/css/bootstrap-select.min.css]
[koki.dexignzone.com/xhtml/images/profile/cover.jpg]
[koki.dexignzone.com/xhtml/images/1.jpg]
[koki.dexignzone.com/xhtml/images/dots.png]
[koki.dexignzone.com/xhtml/images/dots2.png]
[koki.dexignzone.com/xhtml/images/like.png]
[koki.dexignzone.com/xhtml/css/style.css]
[cdn.lineicons.com/2.0/fonts/LineIcons.eot]
[cdn.lineicons.com/2.0/fonts/LineIcons.woff2]
[cdn.lineicons.com/2.0/fonts/LineIcons.woff]
[cdn.lineicons.com/2.0/fonts/LineIcons.ttf]
[cdn.lineicons.com/2.0/LineIcons.css]
[cdn.lineicons.com/2.0/fonts/LineIcons.svg]
[koki.dexignzone.com/xhtml/images/profile/profile.png]
[koki.dexignzone.com/xhtml/images/profile/1.jpg]
[koki.dexignzone.com/xhtml/images/profile/2.jpg]
[koki.dexignzone.com/xhtml/images/profile/3.jpg]
[koki.dexignzone.com/xhtml/images/profile/4.jpg]
[koki.dexignzone.com/xhtml/images/profile/5.jpg]
[koki.dexignzone.com/xhtml/images/profile/6.jpg]
[koki.dexignzone.com/xhtml/images/profile/7.jpg]
[koki.dexignzone.com/xhtml/images/profile/8.jpg]
[koki.dexignzone.com/xhtml/images/profile/9.jpg]
[koki.dexignzone.com/xhtml/app-profile.html]
[koki.dexignzone.com/xhtml/email-inbox.html]
[koki.dexignzone.com/xhtml/images/logo-full.png]
[koki.dexignzone.com/xhtml/page-forgot-password.html]
[koki.dexignzone.com/xhtml/page-login.html]
[koki.dexignzone.com/xhtml/images/profile/10.jpg]
[koki.dexignzone.com/xhtml/images/card/pic11.jpg]
[koki.dexignzone.com/xhtml/images/card/pic12.jpg]
[koki.dexignzone.com/xhtml/analytics.html]
[koki.dexignzone.com/xhtml/review.html]
[koki.dexignzone.com/xhtml/images/profile/5.png]
[koki.dexignzone.com/xhtml/images/card/pic5.jpg]
[koki.dexignzone.com/xhtml/order.html]
[koki.dexignzone.com/xhtml/order-list.html]
[koki.dexignzone.com/xhtml/customer-list.html]
[koki.dexignzone.com/xhtml/images/big/img6.jpg]
[koki.dexignzone.com/xhtml/images/big/img5.jpg]
[koki.dexignzone.com/xhtml/images/big/img4.jpg]
[koki.dexignzone.com/xhtml/post-details.html]
[koki.dexignzone.com/xhtml/email-compose.html]
[koki.dexignzone.com/xhtml/email-read.html]
[koki.dexignzone.com/xhtml/app-calender.html]
[koki.dexignzone.com/xhtml/images/product/1.jpg]
[koki.dexignzone.com/xhtml/images/product/2.jpg]
[koki.dexignzone.com/xhtml/images/product/3.jpg]
[koki.dexignzone.com/xhtml/images/product/4.jpg]
[koki.dexignzone.com/xhtml/images/product/5.jpg]
[koki.dexignzone.com/xhtml/images/product/6.jpg]
[koki.dexignzone.com/xhtml/images/product/7.jpg]
[koki.dexignzone.com/xhtml/ecom-product-grid.html]
[koki.dexignzone.com/xhtml/ecom-product-list.html]
[koki.dexignzone.com/xhtml/images/tab/1.jpg]
[koki.dexignzone.com/xhtml/images/tab/2.jpg]
[koki.dexignzone.com/xhtml/images/tab/3.jpg]
[koki.dexignzone.com/xhtml/images/tab/4.jpg]
[koki.dexignzone.com/xhtml/ecom-product-detail.html]
[koki.dexignzone.com/xhtml/ecom-product-order.html]
[koki.dexignzone.com/xhtml/ecom-checkout.html]
[koki.dexignzone.com/xhtml/images/logo-text2.png]
[koki.dexignzone.com/xhtml/images/qr.png]
[koki.dexignzone.com/xhtml/ecom-invoice.html]
[koki.dexignzone.com/xhtml/images/avatar/5.png]
[koki.dexignzone.com/xhtml/images/avatar/1.png]
[koki.dexignzone.com/xhtml/ecom-customers.html]
[koki.dexignzone.com/xhtml/chart-flot.html]
[koki.dexignzone.com/xhtml/chart-morris.html]
[koki.dexignzone.com/xhtml/chart-chartjs.html]
[koki.dexignzone.com/xhtml/chart-chartist.html]
[koki.dexignzone.com/xhtml/chart-sparkline.html]
[koki.dexignzone.com/xhtml/chart-peity.html]
[koki.dexignzone.com/xhtml/ui-accordion.html]
[koki.dexignzone.com/xhtml/ui-alert.html]
[koki.dexignzone.com/xhtml/ui-badge.html]
[koki.dexignzone.com/xhtml/ui-button.html]
[koki.dexignzone.com/xhtml/ui-modal.html]
[koki.dexignzone.com/xhtml/ui-button-group.html]
[koki.dexignzone.com/xhtml/ui-list-group.html]
[koki.dexignzone.com/xhtml/images/avatar/7.jpg]
[koki.dexignzone.com/xhtml/images/avatar/6.jpg]
[koki.dexignzone.com/xhtml/images/avatar/8.jpg]
[koki.dexignzone.com/xhtml/ui-media-object.html]
[koki.dexignzone.com/xhtml/images/card/1.png]
[koki.dexignzone.com/xhtml/images/card/2.png]
[koki.dexignzone.com/xhtml/images/card/3.png]
[koki.dexignzone.com/xhtml/ui-card.html]
[koki.dexignzone.com/xhtml/images/big/img1.jpg]
[koki.dexignzone.com/xhtml/images/big/img2.jpg]
[koki.dexignzone.com/xhtml/images/big/img3.jpg]
[koki.dexignzone.com/xhtml/images/big/img7.jpg]
[koki.dexignzone.com/xhtml/ui-carousel.html]
[koki.dexignzone.com/xhtml/ui-dropdown.html]
[koki.dexignzone.com/xhtml/ui-popover.html]
[koki.dexignzone.com/xhtml/ui-progressbar.html]
[koki.dexignzone.com/xhtml/ui-tab.html]
[koki.dexignzone.com/xhtml/ui-typography.html]
[koki.dexignzone.com/xhtml/ui-pagination.html]
[koki.dexignzone.com/xhtml/ui-grid.html]
[koki.dexignzone.com/xhtml/uc-select2.html]
[koki.dexignzone.com/xhtml/uc-nestable.html]
[koki.dexignzone.com/xhtml/uc-noui-slider.html]
[koki.dexignzone.com/xhtml/uc-sweetalert.html]
[koki.dexignzone.com/xhtml/uc-toastr.html]
[koki.dexignzone.com/xhtml/map-jqvmap.html]
[koki.dexignzone.com/xhtml/images/big/img8.jpg]
[koki.dexignzone.com/xhtml/uc-lightgallery.html]
[koki.dexignzone.com/xhtml/widget-basic.html]
[koki.dexignzone.com/xhtml/form-element.html]
[koki.dexignzone.com/xhtml/form-wizard.html]
[koki.dexignzone.com/xhtml/form-ckeditor.html]
[koki.dexignzone.com/xhtml/form-pickers.html]
[koki.dexignzone.com/xhtml/form-validation-jquery.html]
[koki.dexignzone.com/xhtml/table-bootstrap-basic.html]
[koki.dexignzone.com/xhtml/images/profile/small/pic1.jpg]
[koki.dexignzone.com/xhtml/images/profile/small/pic2.jpg]
[koki.dexignzone.com/xhtml/images/profile/small/pic3.jpg]
[koki.dexignzone.com/xhtml/images/profile/small/pic4.jpg]
[koki.dexignzone.com/xhtml/images/profile/small/pic5.jpg]
[koki.dexignzone.com/xhtml/images/profile/small/pic6.jpg]
[koki.dexignzone.com/xhtml/images/profile/small/pic7.jpg]
[koki.dexignzone.com/xhtml/images/profile/small/pic8.jpg]
[koki.dexignzone.com/xhtml/images/profile/small/pic9.jpg]
[koki.dexignzone.com/xhtml/images/profile/small/pic10.jpg]
[koki.dexignzone.com/xhtml/table-datatable-basic.html]
[koki.dexignzone.com/xhtml/page-register.html]
[koki.dexignzone.com/xhtml/page-error-400.html]
[koki.dexignzone.com/xhtml/page-error-403.html]
[koki.dexignzone.com/xhtml/page-error-404.html]
[koki.dexignzone.com/xhtml/page-error-500.html]
[koki.dexignzone.com/xhtml/page-error-503.html]
[koki.dexignzone.com/xhtml/page-lock-screen.html]
[koki.dexignzone.com/xhtml/vendor/global/global.min.js]
[koki.dexignzone.com/xhtml/vendor/bootstrap-select/dist/js/bootstrap-select.min.js]
[koki.dexignzone.com/xhtml/vendor/chart.js/Chart.bundle.min.js]
[dzassets.s3.amazonaws.com/w3-global8bb6.js]
[koki.dexignzone.com/xhtml/js/custom.min.js]
[koki.dexignzone.com/xhtml/js/deznav-init.js]
[koki.dexignzone.com/xhtml/vendor/apexchart/apexchart.js]
[koki.dexignzone.com/xhtml/js/dashboard/dashboard-1.js]
[koki.dexignzone.com/xhtml/icons/simple-line-icons/fonts/Simple-Line-Icons4c824c82.eot]
[koki.dexignzone.com/xhtml/icons/simple-line-icons/fonts/Simple-Line-Iconsd41dd41d.eot]
[koki.dexignzone.com/xhtml/icons/simple-line-icons/fonts/Simple-Line-Icons4c824c82.ttf]
[koki.dexignzone.com/xhtml/icons/simple-line-icons/fonts/Simple-Line-Icons4c824c82.woff2]
[koki.dexignzone.com/xhtml/icons/simple-line-icons/fonts/Simple-Line-Icons4c824c82.woff]
[koki.dexignzone.com/xhtml/icons/simple-line-icons/css/simple-line-icons.css]
[koki.dexignzone.com/xhtml/icons/font-awesome/webfonts/fa-brands-400.eot]
[koki.dexignzone.com/xhtml/icons/font-awesome/webfonts/fa-brands-400d41d.eot]
[koki.dexignzone.com/xhtml/icons/font-awesome/webfonts/fa-brands-400.woff2]
[koki.dexignzone.com/xhtml/icons/font-awesome/webfonts/fa-brands-400.woff]
[koki.dexignzone.com/xhtml/icons/font-awesome/webfonts/fa-brands-400.ttf]
[koki.dexignzone.com/xhtml/icons/font-awesome/webfonts/fa-regular-400.eot]
[koki.dexignzone.com/xhtml/icons/font-awesome/webfonts/fa-regular-400d41d.eot]
[koki.dexignzone.com/xhtml/icons/font-awesome/webfonts/fa-regular-400.woff2]
[koki.dexignzone.com/xhtml/icons/font-awesome/webfonts/fa-regular-400.woff]
[koki.dexignzone.com/xhtml/icons/font-awesome/webfonts/fa-regular-400.ttf]
[koki.dexignzone.com/xhtml/icons/font-awesome/webfonts/fa-solid-900.eot]
[koki.dexignzone.com/xhtml/icons/font-awesome/webfonts/fa-solid-900d41d.eot]
[koki.dexignzone.com/xhtml/icons/font-awesome/webfonts/fa-solid-900.woff2]
[koki.dexignzone.com/xhtml/icons/font-awesome/webfonts/fa-solid-900.woff]
[koki.dexignzone.com/xhtml/icons/font-awesome/webfonts/fa-solid-900.ttf]
[koki.dexignzone.com/xhtml/icons/font-awesome/css/all.min.css]
[koki.dexignzone.com/xhtml/icons/material-design-iconic-font/fonts/materialdesignicons-webfont683c.eot]
[koki.dexignzone.com/xhtml/icons/material-design-iconic-font/fonts/materialdesignicons-webfontd41d.eot]
[koki.dexignzone.com/xhtml/icons/material-design-iconic-font/fonts/materialdesignicons-webfont683c.woff2]
[koki.dexignzone.com/xhtml/icons/material-design-iconic-font/fonts/materialdesignicons-webfont683c.woff]
[koki.dexignzone.com/xhtml/icons/material-design-iconic-font/fonts/materialdesignicons-webfont683c.ttf]
[koki.dexignzone.com/xhtml/icons/material-design-iconic-font/css/materialdesignicons.min.css]
[koki.dexignzone.com/xhtml/icons/themify-icons/fonts/themify9f249f24.eot]
[koki.dexignzone.com/xhtml/icons/themify-icons/fonts/themifyd41dd41d.eot]
[koki.dexignzone.com/xhtml/icons/themify-icons/fonts/themify.woff]
[koki.dexignzone.com/xhtml/icons/themify-icons/fonts/themify.ttf]
[koki.dexignzone.com/xhtml/icons/themify-icons/css/themify-icons.css]
[koki.dexignzone.com/xhtml/icons/line-awesome/fonts/la-brands-400.eot]
[koki.dexignzone.com/xhtml/icons/line-awesome/fonts/la-brands-400d41d.eot]
[koki.dexignzone.com/xhtml/icons/line-awesome/fonts/la-brands-400.woff2]
[koki.dexignzone.com/xhtml/icons/line-awesome/fonts/la-brands-400.woff]
[koki.dexignzone.com/xhtml/icons/line-awesome/fonts/la-brands-400.ttf]
[koki.dexignzone.com/xhtml/icons/line-awesome/fonts/la-regular-400.eot]
[koki.dexignzone.com/xhtml/icons/line-awesome/fonts/la-regular-400d41d.eot]
[koki.dexignzone.com/xhtml/icons/line-awesome/fonts/la-regular-400.woff2]
[koki.dexignzone.com/xhtml/icons/line-awesome/fonts/la-regular-400.woff]
[koki.dexignzone.com/xhtml/icons/line-awesome/fonts/la-regular-400.ttf]
[koki.dexignzone.com/xhtml/icons/line-awesome/fonts/la-solid-900.eot]
[koki.dexignzone.com/xhtml/icons/line-awesome/fonts/la-solid-900d41d.eot]
[koki.dexignzone.com/xhtml/icons/line-awesome/fonts/la-solid-900.woff2]
[koki.dexignzone.com/xhtml/icons/line-awesome/fonts/la-solid-900.woff]
[koki.dexignzone.com/xhtml/icons/line-awesome/fonts/la-solid-900.ttf]
[koki.dexignzone.com/xhtml/icons/line-awesome/css/line-awesome.min.css]
[koki.dexignzone.com/xhtml/icons/avasta/fonts/avasta.eot]
[koki.dexignzone.com/xhtml/icons/avasta/fonts/avasta.woff2]
[koki.dexignzone.com/xhtml/icons/avasta/fonts/avasta.woff]
[koki.dexignzone.com/xhtml/icons/avasta/fonts/avasta.ttf]
[koki.dexignzone.com/xhtml/icons/avasta/css/style.css]
[koki.dexignzone.com/xhtml/icons/flaticon-1/font/flaticon-131b9.ttf]
[koki.dexignzone.com/xhtml/icons/flaticon-1/font/flaticon-131b9.woff]
[koki.dexignzone.com/xhtml/icons/flaticon-1/font/flaticon-131b9.woff2]
[koki.dexignzone.com/xhtml/icons/flaticon-1/font/flaticon-131b9.eot]
[koki.dexignzone.com/xhtml/icons/flaticon-1/font/flaticon-1.css]
[koki.dexignzone.com/xhtml/icons/icomoon/fonts/icomoon.eot]
[koki.dexignzone.com/xhtml/icons/icomoon/fonts/icomoon.ttf]
[koki.dexignzone.com/xhtml/icons/icomoon/fonts/icomoon.woff]
[koki.dexignzone.com/xhtml/icons/icomoon/icomoon.css]
[koki.dexignzone.com/xhtml/vendor/animate/animate.min.css]
[koki.dexignzone.com/xhtml/vendor/aos/css/aos.min.css]
[koki.dexignzone.com/xhtml/vendor/perfect-scrollbar/css/perfect-scrollbar.css]
[koki.dexignzone.com/xhtml/vendor/metismenu/css/metisMenu.min.css]
[cdn.lineicons.com/2.0/fonts/LineIcons.svg]
[koki.dexignzone.com/xhtml/vendor/lightgallery/fonts/lgd641.eot]
[koki.dexignzone.com/xhtml/vendor/lightgallery/fonts/lgd41d.eot]
[koki.dexignzone.com/xhtml/vendor/lightgallery/fonts/lgd641.woff]
[koki.dexignzone.com/xhtml/vendor/lightgallery/fonts/lgd641.ttf]
[koki.dexignzone.com/xhtml/vendor/lightgallery/img/vimeo-play.png]
[koki.dexignzone.com/xhtml/vendor/lightgallery/img/video-play.png]
[koki.dexignzone.com/xhtml/vendor/lightgallery/img/youtube-play.png]
[koki.dexignzone.com/xhtml/vendor/lightgallery/img/loading.gif]
[koki.dexignzone.com/xhtml/vendor/lightgallery/css/lightgallery.min.css]
[koki.dexignzone.com/xhtml/vendor/lightgallery/js/lightgallery-all.min.js]
[koki.dexignzone.com/xhtml/page-forgot-password.html]
[koki.dexignzone.com/xhtml/vendor/jqvmap/css/jqvmap.min.css]
[koki.dexignzone.com/xhtml/vendor/chartist/css/chartist.min.css]
[koki.dexignzone.com/xhtml/vendor/peity/jquery.peity.min.js]
[koki.dexignzone.com/xhtml/js/dashboard/analytics.js]
[koki.dexignzone.com/xhtml/images/svg/map.svg]
[koki.dexignzone.com/xhtml/js/dashboard/order.js]
[koki.dexignzone.com/xhtml/vendor/datatables/images/sort_both.png]
[koki.dexignzone.com/xhtml/vendor/datatables/images/sort_asc.png]
[koki.dexignzone.com/xhtml/vendor/datatables/images/sort_desc.png]
[koki.dexignzone.com/xhtml/vendor/datatables/images/sort_asc_disabled.png]
[koki.dexignzone.com/xhtml/vendor/datatables/images/sort_desc_disabled.png]
[koki.dexignzone.com/xhtml/vendor/datatables/css/jquery.dataTables.min.css]
[koki.dexignzone.com/xhtml/vendor/datatables/js/jquery.dataTables.min.js]
[koki.dexignzone.com/xhtml/vendor/dropzone/dist/dropzone.css]
[koki.dexignzone.com/xhtml/vendor/dropzone/dist/dropzone.js]
[koki.dexignzone.com/xhtml/vendor/fullcalendar/css/fullcalendar.min.css]
[koki.dexignzone.com/xhtml/vendor/jqueryui/js/jquery-ui.min.js]
[koki.dexignzone.com/xhtml/vendor/moment/moment.min.js]
[koki.dexignzone.com/xhtml/vendor/fullcalendar/js/fullcalendar.min.js]
[koki.dexignzone.com/xhtml/js/plugins-init/fullcalendar-init.js]
[koki.dexignzone.com/xhtml/vendor/highlightjs/highlight.pack.min.js]
[koki.dexignzone.com/xhtml/vendor/star-rating/star-rating-svg.css]
[koki.dexignzone.com/xhtml/vendor/star-rating/jquery.star-rating-svg.js]
[koki.dexignzone.com/xhtml/vendor/flot/jquery.flot.js]
[koki.dexignzone.com/xhtml/vendor/flot/jquery.flot.pie.js]
[koki.dexignzone.com/xhtml/vendor/flot/jquery.flot.resize.js]
[koki.dexignzone.com/xhtml/vendor/flot-spline/jquery.flot.spline.min.js]
[koki.dexignzone.com/xhtml/js/plugins-init/flot-init.js]
[koki.dexignzone.com/xhtml/vendor/raphael/raphael.min.js]
[koki.dexignzone.com/xhtml/vendor/morris/morris.min.js]
[koki.dexignzone.com/xhtml/js/plugins-init/morris-init.js]
[koki.dexignzone.com/xhtml/js/plugins-init/chartjs-init.js]
[koki.dexignzone.com/xhtml/vendor/chartist/js/chartist.min.js]
[koki.dexignzone.com/xhtml/vendor/chartist-plugin-tooltips/js/chartist-plugin-tooltip.min.js]
[koki.dexignzone.com/xhtml/js/plugins-init/chartist-init.js]
[koki.dexignzone.com/xhtml/vendor/jquery-sparkline/jquery.sparkline.min.js]
[koki.dexignzone.com/xhtml/js/plugins-init/sparkline-init.js]
[koki.dexignzone.com/xhtml/vendor/svganimation/vivus.min.js]
[koki.dexignzone.com/xhtml/vendor/svganimation/svg.animation.js]
[koki.dexignzone.com/xhtml/js/plugins-init/piety-init.js]
[koki.dexignzone.com/xhtml/vendor/select2/css/select2.min.css]
[koki.dexignzone.com/xhtml/vendor/select2/js/select2.full.min.js]
[koki.dexignzone.com/xhtml/js/plugins-init/select2-init.js]
[koki.dexignzone.com/xhtml/vendor/nestable2/css/jquery.nestable.min.css]
[koki.dexignzone.com/xhtml/vendor/nestable2/js/jquery.nestable.min.js]
[koki.dexignzone.com/xhtml/js/plugins-init/nestable-init.js]
[koki.dexignzone.com/xhtml/vendor/nouislider/nouislider.min.css]
[koki.dexignzone.com/xhtml/vendor/nouislider/nouislider.min.js]
[koki.dexignzone.com/xhtml/vendor/wnumb/wNumb.js]
[koki.dexignzone.com/xhtml/js/plugins-init/nouislider-init.js]
[koki.dexignzone.com/xhtml/vendor/sweetalert2/dist/sweetalert2.min.css]
[koki.dexignzone.com/xhtml/vendor/sweetalert2/dist/sweetalert2.min.js]
[koki.dexignzone.com/xhtml/js/plugins-init/sweetalert.init.js]
[koki.dexignzone.com/xhtml/vendor/toastr/css/toastr.min.css]
[koki.dexignzone.com/xhtml/vendor/toastr/js/toastr.min.js]
[koki.dexignzone.com/xhtml/js/plugins-init/toastr-init.js]
[koki.dexignzone.com/xhtml/vendor/jqvmap/js/jquery.vmap.min.js]
[koki.dexignzone.com/xhtml/vendor/jqvmap/js/jquery.vmap.world.js]
[koki.dexignzone.com/xhtml/vendor/jqvmap/js/jquery.vmap.usa.js]
[koki.dexignzone.com/xhtml/js/plugins-init/jqvmap-init.js]
[koki.dexignzone.com/xhtml/js/plugins-init/widgets-script-init.js]
[koki.dexignzone.com/xhtml/vendor/jquery-smartwizard/dist/css/smart_wizard.min.css]
[koki.dexignzone.com/xhtml/vendor/jquery-smartwizard/dist/js/jquery.smartWizard.js]
[koki.dexignzone.com/xhtml/vendor/summernote/font/summernotec360.eot]
[koki.dexignzone.com/xhtml/vendor/summernote/font/summernotec360.woff]
[koki.dexignzone.com/xhtml/vendor/summernote/font/summernotec360.ttf]
[koki.dexignzone.com/xhtml/vendor/summernote/summernote.css]
[koki.dexignzone.com/xhtml/vendor/ckeditor/ckeditor.js]
[koki.dexignzone.com/xhtml/js/plugins-init/summernote-init.js]
[koki.dexignzone.com/xhtml/vendor/bootstrap-daterangepicker/daterangepicker.css]
[koki.dexignzone.com/xhtml/vendor/clockpicker/css/bootstrap-clockpicker.min.css]
[koki.dexignzone.com/xhtml/vendor/jquery-asColorPicker/images/transparent.png]
[koki.dexignzone.com/xhtml/vendor/jquery-asColorPicker/images/saturation.png]
[koki.dexignzone.com/xhtml/vendor/jquery-asColorPicker/images/hue.png]
[koki.dexignzone.com/xhtml/vendor/jquery-asColorPicker/images/alpha.png]
[koki.dexignzone.com/xhtml/vendor/jquery-asColorPicker/css/asColorPicker.min.css]
[koki.dexignzone.com/xhtml/vendor/bootstrap-material-datetimepicker/css/bootstrap-material-datetimepicker.css]
[koki.dexignzone.com/xhtml/vendor/pickadate/themes/default.css]
[koki.dexignzone.com/xhtml/vendor/pickadate/themes/default.date.css]
[koki.dexignzone.com/xhtml/vendor/bootstrap-daterangepicker/daterangepicker.js]
[koki.dexignzone.com/xhtml/vendor/clockpicker/js/bootstrap-clockpicker.min.js]
[koki.dexignzone.com/xhtml/vendor/jquery-asColor/jquery-asColor.min.js]
[koki.dexignzone.com/xhtml/vendor/jquery-asGradient/jquery-asGradient.min.js]
[koki.dexignzone.com/xhtml/vendor/jquery-asColorPicker/js/jquery-asColorPicker.min.js]
[koki.dexignzone.com/xhtml/vendor/bootstrap-material-datetimepicker/js/bootstrap-material-datetimepicker.js]
[koki.dexignzone.com/xhtml/vendor/pickadate/picker.js]
[koki.dexignzone.com/xhtml/vendor/pickadate/picker.time.js]
[koki.dexignzone.com/xhtml/vendor/pickadate/picker.date.js]
[koki.dexignzone.com/xhtml/js/plugins-init/bs-daterange-picker-init.js]
[koki.dexignzone.com/xhtml/js/plugins-init/clock-picker-init.js]
[koki.dexignzone.com/xhtml/js/plugins-init/jquery-asColorPicker.init.js]
[koki.dexignzone.com/xhtml/js/plugins-init/material-date-picker-init.js]
[koki.dexignzone.com/xhtml/js/plugins-init/pickadate-init.js]
[koki.dexignzone.com/xhtml/vendor/jquery-validation/jquery.validate.min.js]
[koki.dexignzone.com/xhtml/js/plugins-init/jquery.validate-init.js]
[koki.dexignzone.com/xhtml/js/plugins-init/datatables.init.js]
[koki.dexignzone.com/xhtml/vendor/deznav/deznav.min.js]
[koki.dexignzone.com/xhtml/icons/simple-line-icons/fonts/Simple-Line-Icons4c824c82.svg]
[koki.dexignzone.com/xhtml/icons/font-awesome/webfonts/fa-brands-400.svg]
[koki.dexignzone.com/xhtml/icons/font-awesome/webfonts/fa-regular-400.svg]
[koki.dexignzone.com/xhtml/icons/font-awesome/webfonts/fa-solid-900.svg]
[koki.dexignzone.com/xhtml/icons/material-design-iconic-font/fonts/materialdesignicons-webfont683c.svg]
[koki.dexignzone.com/xhtml/icons/themify-icons/fonts/themify9f249f24.svg]
[koki.dexignzone.com/xhtml/icons/line-awesome/fonts/la-brands-400.svg]
[koki.dexignzone.com/xhtml/icons/line-awesome/fonts/la-regular-400.svg]
[koki.dexignzone.com/xhtml/icons/line-awesome/fonts/la-solid-900.svg]
[koki.dexignzone.com/xhtml/icons/avasta/fonts/avasta.svg]
[koki.dexignzone.com/xhtml/icons/flaticon-1/font/flaticon-131b9.svg]
[koki.dexignzone.com/xhtml/icons/icomoon/fonts/icomoon.svg]
[koki.dexignzone.com/xhtml/vendor/lightgallery/fonts/lgd641.svg]
[koki.dexignzone.com/xhtml/Trident/index.html]
[koki.dexignzone.com/xhtml/Edge/index.html]
